{
  "Entries": [
    {
      "RequestUri": "/subscriptions/45ec4d39-8dea-4d26-a373-c176ec53717a/providers/Microsoft.Subscriptions.Admin/locations/local/quotas?api-version=2015-11-01",
      "EncodedRequestUri": "L3N1YnNjcmlwdGlvbnMvNDVlYzRkMzktOGRlYS00ZDI2LWEzNzMtYzE3NmVjNTM3MTdhL3Byb3ZpZGVycy9NaWNyb3NvZnQuU3Vic2NyaXB0aW9ucy5BZG1pbi9sb2NhdGlvbnMvbG9jYWwvcXVvdGFzP2FwaS12ZXJzaW9uPTIwMTUtMTEtMDE=",
      "RequestMethod": "GET",
      "RequestBody": "",
      "RequestHeaders": {
        "x-ms-client-request-id": [
          "a74b7d1e-0f16-4de9-9352-159787261721"
        ],
        "accept-language": [
          "en-US"
        ],
        "User-Agent": [
          "FxVersion/4.6.26328.01",
          "Microsoft.AzureStack.Management.Subscriptions.Admin.SubscriptionsAdminClient/0.1.0.0"
        ]
      },
      "ResponseBody": "{\r\n  \"value\": [\r\n    {\r\n      \"id\": \"/subscriptions/45ec4d39-8dea-4d26-a373-c176ec53717a/providers/Microsoft.Subscriptions.Admin/locations/local/quotas/delegatedProviderQuota\",\r\n      \"name\": \"local/delegatedProviderQuota\",\r\n      \"type\": \"Microsoft.Subscriptions.Admin/locations/quotas\",\r\n      \"location\": \"local\",\r\n      \"properties\": {\r\n        \"allowCustomPortalBranding\": false\r\n      }\r\n    }\r\n  ]\r\n}",
      "ResponseHeaders": {
        "Content-Length": [
          "320"
        ],
        "Content-Type": [
          "application/json; charset=utf-8"
        ],
        "Expires": [
          "-1"
        ],
        "Cache-Control": [
          "no-cache"
        ],
        "Date": [
          "Mon, 18 Jun 2018 21:37:38 GMT"
        ],
        "Pragma": [
          "no-cache"
        ],
        "x-ms-ratelimit-remaining-subscription-reads": [
          "14697"
        ],
        "x-ms-request-id": [
          "546fd7eb-fe72-4b64-8fd5-ba9554adf0e4"
        ],
        "x-ms-correlation-request-id": [
          "546fd7eb-fe72-4b64-8fd5-ba9554adf0e4"
        ],
        "x-ms-routing-request-id": [
          "LOCAL:20180618T213739Z:546fd7eb-fe72-4b64-8fd5-ba9554adf0e4"
        ],
        "Strict-Transport-Security": [
          "max-age=31536000; includeSubDomains"
        ],
        "X-Content-Type-Options": [
          "nosniff"
        ]
      },
      "StatusCode": 200
    },
    {
      "RequestUri": "/subscriptions/45ec4d39-8dea-4d26-a373-c176ec53717a/resourcegroups/rg/providers/Microsoft.Subscriptions.Admin/plans/testplans?api-version=2015-11-01",
      "EncodedRequestUri": "L3N1YnNjcmlwdGlvbnMvNDVlYzRkMzktOGRlYS00ZDI2LWEzNzMtYzE3NmVjNTM3MTdhL3Jlc291cmNlZ3JvdXBzL3JnL3Byb3ZpZGVycy9NaWNyb3NvZnQuU3Vic2NyaXB0aW9ucy5BZG1pbi9wbGFucy90ZXN0cGxhbnM/YXBpLXZlcnNpb249MjAxNS0xMS0wMQ==",
      "RequestMethod": "PUT",
      "RequestBody": "{\r\n  \"properties\": {\r\n    \"description\": \"description of the plan\",\r\n    \"displayName\": \"testplans\",\r\n    \"quotaIds\": [\r\n      \"/subscriptions/45ec4d39-8dea-4d26-a373-c176ec53717a/providers/Microsoft.Subscriptions.Admin/locations/local/quotas/delegatedProviderQuota\"\r\n    ],\r\n    \"name\": \"testplans\"\r\n  },\r\n  \"location\": \"local\"\r\n}",
      "RequestHeaders": {
        "Content-Type": [
          "application/json; charset=utf-8"
        ],
        "Content-Length": [
          "331"
        ],
        "x-ms-client-request-id": [
          "3ed7a46d-6aa1-4eb9-a574-6e391cb2b4c0"
        ],
        "accept-language": [
          "en-US"
        ],
        "User-Agent": [
          "FxVersion/4.6.26328.01",
          "Microsoft.AzureStack.Management.Subscriptions.Admin.SubscriptionsAdminClient/0.1.0.0"
        ]
      },
      "ResponseBody": "{\r\n  \"id\": \"/subscriptions/45ec4d39-8dea-4d26-a373-c176ec53717a/resourceGroups/rg/providers/Microsoft.Subscriptions.Admin/plans/testplans\",\r\n  \"name\": \"testplans\",\r\n  \"type\": \"Microsoft.Subscriptions.Admin/plans\",\r\n  \"location\": \"local\",\r\n  \"properties\": {\r\n    \"name\": \"testplans\",\r\n    \"displayName\": \"testplans\",\r\n    \"description\": \"description of the plan\",\r\n    \"subscriptionCount\": 0,\r\n    \"quotaIds\": [\r\n      \"/subscriptions/45ec4d39-8dea-4d26-a373-c176ec53717a/providers/Microsoft.Subscriptions.Admin/locations/local/quotas/delegatedProviderQuota\"\r\n    ]\r\n  }\r\n}",
      "ResponseHeaders": {
        "Content-Length": [
          "492"
        ],
        "Content-Type": [
          "application/json; charset=utf-8"
        ],
        "Expires": [
          "-1"
        ],
        "Cache-Control": [
          "no-cache"
        ],
        "Date": [
          "Mon, 18 Jun 2018 21:37:38 GMT"
        ],
        "Pragma": [
          "no-cache"
        ],
        "x-ms-ratelimit-remaining-subscription-writes": [
          "1157"
        ],
        "x-ms-request-id": [
          "ef1e6a77-a708-4cd3-a41e-07e6f4e09808"
        ],
        "x-ms-correlation-request-id": [
          "ef1e6a77-a708-4cd3-a41e-07e6f4e09808"
        ],
        "x-ms-routing-request-id": [
          "LOCAL:20180618T213739Z:ef1e6a77-a708-4cd3-a41e-07e6f4e09808"
        ],
        "Strict-Transport-Security": [
          "max-age=31536000; includeSubDomains"
        ],
        "X-Content-Type-Options": [
          "nosniff"
        ]
      },
      "StatusCode": 201
    },
    {
      "RequestUri": "/subscriptions/45ec4d39-8dea-4d26-a373-c176ec53717a/resourcegroups/rg/providers/Microsoft.Subscriptions.Admin/plans/testplans?api-version=2015-11-01",
      "EncodedRequestUri": "L3N1YnNjcmlwdGlvbnMvNDVlYzRkMzktOGRlYS00ZDI2LWEzNzMtYzE3NmVjNTM3MTdhL3Jlc291cmNlZ3JvdXBzL3JnL3Byb3ZpZGVycy9NaWNyb3NvZnQuU3Vic2NyaXB0aW9ucy5BZG1pbi9wbGFucy90ZXN0cGxhbnM/YXBpLXZlcnNpb249MjAxNS0xMS0wMQ==",
      "RequestMethod": "GET",
      "RequestBody": "",
      "RequestHeaders": {
        "x-ms-client-request-id": [
          "598c2c73-337e-413a-a259-a88913b805aa"
        ],
        "accept-language": [
          "en-US"
        ],
        "User-Agent": [
          "FxVersion/4.6.26328.01",
          "Microsoft.AzureStack.Management.Subscriptions.Admin.SubscriptionsAdminClient/0.1.0.0"
        ]
      },
      "ResponseBody": "{\r\n  \"id\": \"/subscriptions/45ec4d39-8dea-4d26-a373-c176ec53717a/resourceGroups/rg/providers/Microsoft.Subscriptions.Admin/plans/testplans\",\r\n  \"name\": \"testplans\",\r\n  \"type\": \"Microsoft.Subscriptions.Admin/plans\",\r\n  \"location\": \"local\",\r\n  \"properties\": {\r\n    \"name\": \"testplans\",\r\n    \"displayName\": \"testplans\",\r\n    \"description\": \"description of the plan\",\r\n    \"subscriptionCount\": 0,\r\n    \"quotaIds\": [\r\n      \"/subscriptions/45ec4d39-8dea-4d26-a373-c176ec53717a/providers/Microsoft.Subscriptions.Admin/locations/local/quotas/delegatedProviderQuota\"\r\n    ]\r\n  }\r\n}",
      "ResponseHeaders": {
        "Content-Length": [
          "492"
        ],
        "Content-Type": [
          "application/json; charset=utf-8"
        ],
        "Expires": [
          "-1"
        ],
        "Cache-Control": [
          "no-cache"
        ],
        "Date": [
          "Mon, 18 Jun 2018 21:37:39 GMT"
        ],
        "Pragma": [
          "no-cache"
        ],
        "x-ms-ratelimit-remaining-subscription-reads": [
          "14696"
        ],
        "x-ms-request-id": [
          "ee9b723c-0c94-4398-b622-4dbcdc681e22"
        ],
        "x-ms-correlation-request-id": [
          "ee9b723c-0c94-4398-b622-4dbcdc681e22"
        ],
        "x-ms-routing-request-id": [
          "LOCAL:20180618T213739Z:ee9b723c-0c94-4398-b622-4dbcdc681e22"
        ],
        "Strict-Transport-Security": [
          "max-age=31536000; includeSubDomains"
        ],
        "X-Content-Type-Options": [
          "nosniff"
        ]
      },
      "StatusCode": 200
    },
    {
      "RequestUri": "/subscriptions/45ec4d39-8dea-4d26-a373-c176ec53717a/resourcegroups/rg/providers/Microsoft.Subscriptions.Admin/plans/testplans?api-version=2015-11-01",
      "EncodedRequestUri": "L3N1YnNjcmlwdGlvbnMvNDVlYzRkMzktOGRlYS00ZDI2LWEzNzMtYzE3NmVjNTM3MTdhL3Jlc291cmNlZ3JvdXBzL3JnL3Byb3ZpZGVycy9NaWNyb3NvZnQuU3Vic2NyaXB0aW9ucy5BZG1pbi9wbGFucy90ZXN0cGxhbnM/YXBpLXZlcnNpb249MjAxNS0xMS0wMQ==",
      "RequestMethod": "GET",
      "RequestBody": "",
      "RequestHeaders": {
        "x-ms-client-request-id": [
          "1009d3bb-b0be-4cb8-ae4b-df1b99b51e07"
        ],
        "accept-language": [
          "en-US"
        ],
        "User-Agent": [
          "FxVersion/4.6.26328.01",
          "Microsoft.AzureStack.Management.Subscriptions.Admin.SubscriptionsAdminClient/0.1.0.0"
        ]
      },
      "ResponseBody": "{\r\n  \"error\": {\r\n    \"code\": \"ResourceNotFound\",\r\n    \"message\": \"The Resource 'Microsoft.Subscriptions.Admin/plans/testplans' under resource group 'rg' was not found.\"\r\n  }\r\n}",
      "ResponseHeaders": {
        "Content-Length": [
          "151"
        ],
        "Content-Type": [
          "application/json; charset=utf-8"
        ],
        "Expires": [
          "-1"
        ],
        "Cache-Control": [
          "no-cache"
        ],
        "Date": [
          "Mon, 18 Jun 2018 21:37:39 GMT"
        ],
        "Pragma": [
          "no-cache"
        ],
        "x-ms-failure-cause": [
          "gateway"
        ],
        "x-ms-request-id": [
          "bd9e80c9-2be8-4e83-ac55-167d6544ea13"
        ],
        "x-ms-correlation-request-id": [
          "bd9e80c9-2be8-4e83-ac55-167d6544ea13"
        ],
        "x-ms-routing-request-id": [
          "LOCAL:20180618T213739Z:bd9e80c9-2be8-4e83-ac55-167d6544ea13"
        ],
        "Strict-Transport-Security": [
          "max-age=31536000; includeSubDomains"
        ],
        "X-Content-Type-Options": [
          "nosniff"
        ]
      },
      "StatusCode": 404
    },
    {
      "RequestUri": "/subscriptions/45ec4d39-8dea-4d26-a373-c176ec53717a/resourcegroups/rg/providers/Microsoft.Subscriptions.Admin/plans/testplans?api-version=2015-11-01",
      "EncodedRequestUri": "L3N1YnNjcmlwdGlvbnMvNDVlYzRkMzktOGRlYS00ZDI2LWEzNzMtYzE3NmVjNTM3MTdhL3Jlc291cmNlZ3JvdXBzL3JnL3Byb3ZpZGVycy9NaWNyb3NvZnQuU3Vic2NyaXB0aW9ucy5BZG1pbi9wbGFucy90ZXN0cGxhbnM/YXBpLXZlcnNpb249MjAxNS0xMS0wMQ==",
      "RequestMethod": "DELETE",
      "RequestBody": "",
      "RequestHeaders": {
        "x-ms-client-request-id": [
          "336a46fd-c8ab-4f66-a4e0-0915986a83a5"
        ],
        "accept-language": [
          "en-US"
        ],
        "User-Agent": [
          "FxVersion/4.6.26328.01",
          "Microsoft.AzureStack.Management.Subscriptions.Admin.SubscriptionsAdminClient/0.1.0.0"
        ]
      },
      "ResponseBody": "",
      "ResponseHeaders": {
        "Content-Length": [
          "0"
        ],
        "Expires": [
          "-1"
        ],
        "Cache-Control": [
          "no-cache"
        ],
        "Date": [
          "Mon, 18 Jun 2018 21:37:39 GMT"
        ],
        "Pragma": [
          "no-cache"
        ],
        "x-ms-ratelimit-remaining-subscription-writes": [
          "1156"
        ],
        "x-ms-request-id": [
          "ca35e90c-c582-49a0-87c5-aa51f6ce4ffa"
        ],
        "x-ms-correlation-request-id": [
          "ca35e90c-c582-49a0-87c5-aa51f6ce4ffa"
        ],
        "x-ms-routing-request-id": [
          "LOCAL:20180618T213739Z:ca35e90c-c582-49a0-87c5-aa51f6ce4ffa"
        ],
        "Strict-Transport-Security": [
          "max-age=31536000; includeSubDomains"
        ],
        "X-Content-Type-Options": [
          "nosniff"
        ]
      },
      "StatusCode": 200
    }
  ],
  "Names": {},
  "Variables": {
    "SubscriptionId": "45ec4d39-8dea-4d26-a373-c176ec53717a"
  }
}